
Working on an M1
docker build --tag c8-2 --platform linux/arm64 .

docker run --interactive --tty --platform linux/arm64 c8-2

[root@eeabc5846473 /]# printenv
LANG=C.utf8
HOSTNAME=eeabc5846473
which_declare=declare -f
container=oci
PWD=/
HOME=/root
TERM=xterm
SHLVL=1
PATH=/usr/local/sbin:/usr/local/bin:/usr/sbin:/usr/bin:/sbin:/bin
MAKE=make
LESSOPEN=||/usr/bin/lesspipe.sh %s
BASH_FUNC_which%%=() {  ( alias;
 eval ${which_declare} ) | /usr/bin/which --tty-only --read-alias --read-functions --show-tilde --show-dot $@
}
_=/usr/bin/printenv

[root@eeabc5846473 /]# alias pd=pushd
[root@eeabc5846473 /]# alias pp=popd
[root@eeabc5846473 /]# rpm -qil libtirpc
Name        : libtirpc
Version     : 1.1.4
...

[root@eeabc5846473 /]# export CPPFLAGS=-I/usr/include/tirpc
[root@eeabc5846473 /]# export LDFLAGS=-ltirpc
[root@eeabc5846473 /]# pd home
[root@eeabc5846473 home]# git clone https://github.com/OPENDAP/hyrax
[root@eeabc5846473 home]# pd hyrax/
/home/hyrax /home /
[root@eeabc5846473 hyrax]# source spath.sh
[root@eeabc5846473 hyrax]# ./hyrax_clone.sh

Just to be sure we have then environment vars set:
[root@eeabc5846473 hyrax]# printenv
LD_LIBRARY_PATH=/home/hyrax/build/deps/lib
LANG=C.utf8
prefix=/home/hyrax/build
HOSTNAME=eeabc5846473
OLDPWD=/home
CONFIG_SITE=/home/hyrax/config.site
which_declare=declare -f
container=oci
PWD=/home/hyrax
HOME=/root
LDADD=-ltirpc
TERM=xterm
SHLVL=1
CPPFLAGS=-I/usr/include/tirpc
PATH=/home/hyrax/build/bin:/home/hyrax/build/deps/bin:/usr/local/sbin:/usr/local/bin:/usr/sbin:/usr/bin:/sbin:/bin
TESTSUITEFLAGS=--jobs=9
MAKE=make
LESSOPEN=||/usr/bin/lesspipe.sh %s
BASH_FUNC_which%%=() {  ( alias;
 eval ${which_declare} ) | /usr/bin/which --tty-only --read-alias --read-functions --show-tilde --show-dot $@
}
_=/usr/bin/printenv

Yes, we do (prefix, LDADD, CPPFLAGS, PATH)

Build hyrax-dependencies as we do in travis for travis:

export CONFIGURE_FLAGS="--disable-shared"       # static libraries only for the deps.

# these are the newest linux targets and assume at least C7 and a valid bison.
make -j16 ci-part-1
make -j16 ci-part-2
make -j16 ci-part-3
make -j16 ci-part-4

[root@2008dcb5e0ba hyrax]# cd hyrax-dependencies/
[root@eeabc5846473 hyrax-dependencies]# export CONFIGURE_FLAGS="--disable-shared"
[root@eeabc5846473 hyrax-dependencies]# make -j16 ci-part-1
make -j16 --jobserver-auth=3,4 gridfields
make[1]: warning: -j16 forced in submake: resetting jobserver mode.
make[1]: Entering directory '/home/hyrax/hyrax-dependencies'
tar -xzf downloads/gridfields-1.0.5.tar.gz -C src
echo timestamp > src/gridfields-1.0.5-stamp
....

fails

[root@eeabc5846473 hyrax-dependencies]# export CONFIGURE_FLAGS="--disable-shared --build=arm64-unknown-linux-gnu"
[root@eeabc5846473 hyrax-dependencies]# make -j16 ci-part-1
...
- Installing: /home/hyrax/build/deps/include/VarStr.h
-- Installing: /home/hyrax/build/deps/include/VarStr.hpp
-- Installing: /home/hyrax/build/deps/include/VarStr.hxx
-- Installing: /home/hyrax/build/deps/include/erfa.h
-- Installing: /home/hyrax/build/deps/lib/libSTARE.a
make[2]: Leaving directory '/home/hyrax/hyrax-dependencies/src/STARE-1.1.0/build'
echo timestamp > stare-install-stamp
make[1]: Leaving directory '/home/hyrax/hyrax-dependencies'

[root@eeabc5846473 hyrax-dependencies]# ls $prefix/deps
bin  include  lib
[root@eeabc5846473 hyrax-dependencies]# ls $prefix/deps/lib
libSTARE.a  libgridfields.a  libgridfields.la
[root@eeabc5846473 hyrax-dependencies]# ls $prefix/deps/include/
BitField.h		      KeyPair.h		     SpatialEdge.h	   SpatialVector.hxx
...
[root@eeabc5846473 hyrax-dependencies]# ls $prefix/deps/bin
gridfields-config
[root@eeabc5846473 hyrax-dependencies]#

There is some obscure error in hdf4 because it does not want to compile 'arm64-unknown-linux-gnu'.
I'm not sure why that's needed, but I'm moving on.

[root@eeabc5846473 hyrax-dependencies]# make -j16 ci-part-3
...

[root@eeabc5846473 hyrax-dependencies]# ls -l $prefix/deps/lib
total 37404
-rw-r--r-- 1 root root 23357146 Feb  7 23:22 libSTARE.a
-rw-r--r-- 1 root root  1385484 Feb  7 23:22 libgridfields.a
-rwxr-xr-x 1 root root      895 Feb  7 23:22 libgridfields.la
-rw-r--r-- 1 root root 10938754 Feb  7 23:36 libhdf5.a
-rwxr-xr-x 1 root root      891 Feb  7 23:36 libhdf5.la
-rw-r--r-- 1 root root     3091 Feb  7 23:36 libhdf5.settings
-rw-r--r-- 1 root root   225882 Feb  7 23:36 libhdf5_hl.a
-rwxr-xr-x 1 root root      938 Feb  7 23:36 libhdf5_hl.la
-rw-r--r-- 1 root root   221046 Feb  7 23:25 libjpeg.a
-rw-r--r-- 1 root root  2133850 Feb  7 23:37 libnetcdf.a
-rwxr-xr-x 1 root root     1027 Feb  7 23:37 libnetcdf.la
-rw-r--r-- 1 root root     1095 Feb  7 23:37 libnetcdf.settings
drwxr-xr-x 2 root root     4096 Feb  7 23:37 pkgconfig
[root@eeabc5846473 hyrax-dependencies]#

[root@eeabc5846473 hyrax-dependencies]# make -j16 ci-part-4

...
  CXX      iso19111/c_api.lo
  CXX      projections/aeqd.lo
  CXX      projections/gnom.lo
  CXX      projections/laea.lo
g++: fatal error: Killed signal terminated program cc1plus

Try building on linux or intel OSX - the odd host name errors are too hard to debug.

Now on a C7 machine.

Clone hyrax-docker

install docker (sudo yum -y docker)
Start docker daemon (sudo systemctl start docker)
Build the base container (sudo docker build --tag c8-3 .)
Start it (sudo docker run --interactive --tty c8-3)

Repeating the above steps up to 'make -j16 ci-part-1'

[root@2008dcb5e0ba hyrax-dependencies]# ls -l $prefix/deps/lib
total 25984
-rw-r--r--. 1 root root 25176938 Feb  8 00:34 libSTARE.a
-rw-r--r--. 1 root root  1423672 Feb  8 00:34 libgridfields.a
-rwxr-xr-x. 1 root root      895 Feb  8 00:34 libgridfields.la
[root@2008dcb5e0ba hyrax-dependencies]#
[root@2008dcb5e0ba hyrax-dependencies]# make -j16 ci-part-2

This fails

[root@2008dcb5e0ba hyrax-dependencies]# make -j16 ci-part-3

[root@2008dcb5e0ba hyrax-dependencies]# ls -l $prefix/deps/lib
total 36212
-rw-r--r--. 1 root root 25176938 Feb  8 00:34 libSTARE.a
-rw-r--r--. 1 root root  1423672 Feb  8 00:34 libgridfields.a
-rwxr-xr-x. 1 root root      895 Feb  8 00:34 libgridfields.la
-rw-r--r--. 1 root root  7848330 Feb  8 00:40 libhdf5.a
-rwxr-xr-x. 1 root root      891 Feb  8 00:40 libhdf5.la
-rw-r--r--. 1 root root     3093 Feb  8 00:40 libhdf5.settings
-rw-r--r--. 1 root root   226674 Feb  8 00:40 libhdf5_hl.a
-rwxr-xr-x. 1 root root      938 Feb  8 00:40 libhdf5_hl.la
-rw-r--r--. 1 root root   221198 Feb  8 00:37 libjpeg.a
-rw-r--r--. 1 root root  2143522 Feb  8 00:41 libnetcdf.a
-rwxr-xr-x. 1 root root     1027 Feb  8 00:41 libnetcdf.la
-rw-r--r--. 1 root root     1091 Feb  8 00:41 libnetcdf.settings
drwxr-xr-x. 2 root root       23 Feb  8 00:41 pkgconfig
[root@2008dcb5e0ba hyrax-dependencies]#

[root@2008dcb5e0ba hyrax-dependencies]# ls -l $prefix/deps/lib
total 327544
drwxr-xr-x. 2 root root         6 Feb  8 00:47 gdalplugins
-rw-r--r--. 1 root root  25176938 Feb  8 00:34 libSTARE.a
-rw-r--r--. 1 root root 297789744 Feb  8 00:47 libgdal.a
-rwxr-xr-x. 1 root root      1087 Feb  8 00:47 libgdal.la
-rw-r--r--. 1 root root   1423672 Feb  8 00:34 libgridfields.a
-rwxr-xr-x. 1 root root       895 Feb  8 00:34 libgridfields.la
-rw-r--r--. 1 root root   7848330 Feb  8 00:40 libhdf5.a
-rwxr-xr-x. 1 root root       891 Feb  8 00:40 libhdf5.la
-rw-r--r--. 1 root root      3093 Feb  8 00:40 libhdf5.settings
-rw-r--r--. 1 root root    226674 Feb  8 00:40 libhdf5_hl.a
-rwxr-xr-x. 1 root root       938 Feb  8 00:40 libhdf5_hl.la
-rw-r--r--. 1 root root    221198 Feb  8 00:37 libjpeg.a
-rw-r--r--. 1 root root   2143522 Feb  8 00:41 libnetcdf.a
-rwxr-xr-x. 1 root root      1027 Feb  8 00:41 libnetcdf.la
-rw-r--r--. 1 root root      1091 Feb  8 00:41 libnetcdf.settings
-rw-r--r--. 1 root root    527784 Feb  8 00:43 libopenjp2.a
drwxr-xr-x. 2 root root       100 Feb  8 00:43 openjpeg-2.4
drwxr-xr-x. 2 root root        59 Feb  8 00:47 pkgconfig
[root@2008dcb5e0ba hyrax-dependencies]#

Not bad

[root@2008dcb5e0ba hyrax-dependencies]# make list-built

*** Packages built and installed ***
gdal4-install-stamp
gridfields-install-stamp
hdf5-install-stamp
jpeg-install-stamp
netcdf4-install-stamp
openjpeg-install-stamp
proj-install-stamp
stare-install-stamp
*** ---------------------------- ***
[root@2008dcb5e0ba hyrax-dependencies]#

[root@2008dcb5e0ba hyrax-dependencies]# export LDFLAGS=-ltirpc
[root@2008dcb5e0ba hyrax-dependencies]# make -j16 ci-part-2
...

[root@2008dcb5e0ba hyrax-dependencies]# ls -l $prefix/deps/lib
total 332096
drwxr-xr-x. 2 root root         6 Feb  8 00:47 gdalplugins
-rw-r--r--. 1 root root   1408866 Feb  8 00:56 libGctp.a
-rwxr-xr-x. 1 root root       879 Feb  8 00:56 libGctp.la
-rw-r--r--. 1 root root  25176938 Feb  8 00:34 libSTARE.a
-rw-r--r--. 1 root root   1058960 Feb  8 00:56 libdf.a
-rwxr-xr-x. 1 root root       919 Feb  8 00:56 libdf.la
-rw-r--r--. 1 root root 297789744 Feb  8 00:47 libgdal.a
-rwxr-xr-x. 1 root root      1087 Feb  8 00:47 libgdal.la
-rw-r--r--. 1 root root   1423672 Feb  8 00:34 libgridfields.a
-rwxr-xr-x. 1 root root       895 Feb  8 00:34 libgridfields.la
-rw-r--r--. 1 root root      1287 Feb  8 00:56 libhdf4.settings
-rw-r--r--. 1 root root   7848330 Feb  8 00:40 libhdf5.a
-rwxr-xr-x. 1 root root       891 Feb  8 00:40 libhdf5.la
-rw-r--r--. 1 root root      3093 Feb  8 00:40 libhdf5.settings
-rw-r--r--. 1 root root    226674 Feb  8 00:40 libhdf5_hl.a
-rwxr-xr-x. 1 root root       938 Feb  8 00:40 libhdf5_hl.la
-rw-r--r--. 1 root root   1878728 Feb  8 00:56 libhdfeos.a
-rwxr-xr-x. 1 root root       885 Feb  8 00:56 libhdfeos.la
-rw-r--r--. 1 root root    221198 Feb  8 00:37 libjpeg.a
-rw-r--r--. 1 root root    287662 Feb  8 00:56 libmfhdf.a
-rwxr-xr-x. 1 root root       928 Feb  8 00:56 libmfhdf.la
-rw-r--r--. 1 root root   2143522 Feb  8 00:41 libnetcdf.a
-rwxr-xr-x. 1 root root      1027 Feb  8 00:41 libnetcdf.la
-rw-r--r--. 1 root root      1091 Feb  8 00:41 libnetcdf.settings
-rw-r--r--. 1 root root    527784 Feb  8 00:43 libopenjp2.a
drwxr-xr-x. 2 root root       100 Feb  8 00:43 openjpeg-2.4
drwxr-xr-x. 2 root root        59 Feb  8 00:47 pkgconfig
[root@2008dcb5e0ba hyrax-dependencies]# make list-built

*** Packages built and installed ***
gdal4-install-stamp
gridfields-install-stamp
hdf4-install-stamp
hdf5-install-stamp
hdfeos-install-stamp
jpeg-install-stamp
netcdf4-install-stamp
openjpeg-install-stamp
proj-install-stamp
stare-install-stamp
*** ---------------------------- ***
[root@2008dcb5e0ba hyrax-dependencies]#

Starting with a clean hyrax-dependencies (make really-clean) and an empty $prefix/deps,

make ci-part-1, -2, -3, and -4 yield

*** Packages built and installed ***
gdal4-install-stamp
gridfields-install-stamp
hdf4-install-stamp
hdf5-install-stamp
hdfeos-install-stamp
jpeg-install-stamp
netcdf4-install-stamp
openjpeg-install-stamp
proj-install-stamp
stare-install-stamp
*** ---------------------------- ***

Which is correct,

*** libdap4

[root@2008dcb5e0ba libdap4]# autoreconf -fiv
[root@2008dcb5e0ba libdap4]# ./configure --prefix=$prefix
[root@2008dcb5e0ba libdap4]# make -j16
[root@2008dcb5e0ba libdap4]# make -j16 check

make install

*** BES
[root@2008dcb5e0ba libdap4]# pd ../bes
[root@2008dcb5e0ba bes]# autoreconf -fiv
autoreconf: Entering directory `.'
autoreconf: configure.ac: not using Gettext
autoreconf: running: aclocal --force -I conf
autoreconf: configure.ac: tracing
autoreconf: running: libtoolize --copy --force
libtoolize: putting auxiliary files in AC_CONFIG_AUX_DIR, 'conf'.
libtoolize: copying file 'conf/ltmain.sh'
libtoolize: putting macros in AC_CONFIG_MACRO_DIRS, 'conf'.
libtoolize: copying file 'conf/libtool.m4'
libtoolize: copying file 'conf/ltoptions.m4'
libtoolize: copying file 'conf/ltsugar.m4'
libtoolize: copying file 'conf/ltversion.m4'
libtoolize: copying file 'conf/lt~obsolete.m4'
autoreconf: running: /usr/bin/autoconf --force
autoreconf: running: /usr/bin/autoheader --force
autoreconf: running: automake --add-missing --copy --force-missing
configure.ac:59: installing 'conf/compile'
configure.ac:59: installing 'conf/config.guess'
configure.ac:59: installing 'conf/config.sub'
configure.ac:58: installing 'conf/install-sh'
configure.ac:58: installing 'conf/missing'
cmdln/Makefile.am: installing 'conf/depcomp'
parallel-tests: installing 'conf/test-driver'
modules/asciival/unit-tests/Makefile.am:22: warning: AM_CXXFLAGS multiply defined in condition TRUE ...
modules/asciival/unit-tests/Makefile.am:11: ... 'AM_CXXFLAGS' previously defined here
modules/dmrpp_module/Makefile.am:72: warning: source file '$(srcdir)/../hdf5_handler/h5common.cc' is in a subdirectory,
modules/dmrpp_module/Makefile.am:72: but option 'subdir-objects' is disabled
automake: warning: possible forward-incompatibility.
automake: At least a source file is in a subdirectory, but the 'subdir-objects'
automake: automake option hasn't been enabled.  For now, the corresponding output
automake: object file(s) will be placed in the top-level directory.  However,
automake: this behaviour will change in future Automake versions: they will
automake: unconditionally cause object files to be placed in the same subdirectory
automake: of the corresponding sources.
automake: You are advised to start using 'subdir-objects' option throughout your
automake: project, to avoid future incompatibilities.
modules/dmrpp_module/unit-tests/Makefile.am:142: warning: source file '$(top_srcdir)/modules/read_test_baseline.cc' is in a subdirectory,
modules/dmrpp_module/unit-tests/Makefile.am:142: but option 'subdir-objects' is disabled
modules/dmrpp_module/unit-tests/Makefile.am:136: warning: source file '$(top_srcdir)/modules/read_test_baseline.cc' is in a subdirectory,
modules/dmrpp_module/unit-tests/Makefile.am:136: but option 'subdir-objects' is disabled
modules/dmrpp_module/unit-tests/Makefile.am:139: warning: source file '$(top_srcdir)/modules/read_test_baseline.cc' is in a subdirectory,
modules/dmrpp_module/unit-tests/Makefile.am:139: but option 'subdir-objects' is disabled
modules/functions/stare/Makefile.am:28: warning: variable 'build_sidecar_SOURCES' is defined but no program or
modules/functions/stare/Makefile.am:28: library has 'build_sidecar' as canonical name (possible typo)
modules/functions/stare/Makefile.am:31: warning: variable 'build_test_s_indices_SOURCES' is defined but no program or
modules/functions/stare/Makefile.am:31: library has 'build_test_s_indices' as canonical name (possible typo)
modules/functions/stare/Makefile.am:9: warning: variable 'AM_LDADD' is defined but no program or
modules/functions/stare/Makefile.am:9: library has 'AM' as canonical name (possible typo)
modules/functions/stare/Makefile.am:29: warning: variable 'build_sidecar_LDADD' is defined but no program or
modules/functions/stare/Makefile.am:29: library has 'build_sidecar' as canonical name (possible typo)
modules/functions/stare/Makefile.am:32: warning: variable 'build_test_s_indices_LDADD' is defined but no program or
modules/functions/stare/Makefile.am:32: library has 'build_test_s_indices' as canonical name (possible typo)
modules/functions/unit-tests/Makefile.am:145: warning: source file '../RangeFunction.cc' is in a subdirectory,
modules/functions/unit-tests/Makefile.am:145: but option 'subdir-objects' is disabled
modules/functions/unit-tests/Makefile.am:137: warning: source file '../scale_util.cc' is in a subdirectory,
modules/functions/unit-tests/Makefile.am:137: but option 'subdir-objects' is disabled
modules/functions/unit-tests/Makefile.am:141: warning: source file '../scale_util.cc' is in a subdirectory,
modules/functions/unit-tests/Makefile.am:141: but option 'subdir-objects' is disabled
autoreconf: Leaving directory `.'
[root@2008dcb5e0ba bes]#

[root@2008dcb5e0ba bes]# ./configure --prefix=$prefix --with-dependencies=$prefix/deps
configure: error: no suitable Python interpreter found

[root@2008dcb5e0ba bes]# yum install python39 -y
...
Complete!

[root@2008dcb5e0ba bes]# ./configure --prefix=$prefix --with-dependencies=$prefix/deps
...

[root@2008dcb5e0ba bes]# make -j20

worked

[root@2008dcb5e0ba bes]# make -j20 check

GDAL handler tests fail others pass

